// Jest Snapshot v1, https://goo.gl/fbAQLP

exports[`<dashboard /> snaps 1`] = `<dashboard />`;
