// Jest Snapshot v1, https://goo.gl/fbAQLP

exports[`<homepageUser /> snaps 1`] = `<homepageUser />`;
