// Jest Snapshot v1, https://goo.gl/fbAQLP

exports[`<trackticket /> snaps 1`] = `<trackticket />`;
